anthony@debian:~$ dir
control  control.tar.gz  data  data.tar.xz  debian-binary  Desktop  Documents  Downloads  github  Music  node_modules  package-lock.json  Pictures  Public  Templates  truffle_stuff  Videos
anthony@debian:~$ cd truffle_stuff
anthony@debian:~/truffle_stuff$ nano truffle-config.js
anthony@debian:~/truffle_stuff$ truffle compile
Compiling ./contracts/Migrations.sol...
Compiling ./contracts/wrestling.sol...
Writing artifacts to ./build/contracts
anthony@debian:~/truffle_stuff$ truffle migrate --network development
Using network 'development'.

Running migration: 1_initial_migration.js
  Deploying Migrations...
  ... 0x7d3bedb0c44d0b90ba6040d5e61213dd2952d460660fce4e3d0d654e87b57173
  Migrations: 0xa624723df93f9b5e495dc0d45f268a294c9e353a
Saving successful migration to network...
  ... 0xb723694f3c4f20bd3c9d9878138fa6c0868dc03ea608523ef83689fb9bd3a45e
Saving artifacts...
Running migration: 2_deploy_contracts.js
  Deploying Wrestling...
  ... 0x200a1b6f6e97206b9d03b6f4c9c3ad51c3e3d514451668b74e8449c43753ee67
  Wrestling: 0xf58f416df0451470b23913b11014e69f95aa03da
Saving successful migration to network...
  ... 0x88565d3bc2e155a91765b083c7d8da19a4696fcc6da9ff1509903354d963feb0
Saving artifacts...
anthony@debian:~/truffle_stuff$ truffle console --network development
truffle(development)> account0 = web3.eth.accounts[0]
'0x80af0cfe379662fd54791e69497955666923ae58'
truffle(development)> account1 = web3.eth.accounts[1]
'0x2a110b34686da8734f308958873fa0271a12aca6'
truffle(development)> Wrestling.deployed().then(inst => { WrestlingInstance = inst })
undefined
truffle(development)> WrestlingInstance.wrestler1.call()
'0x80af0cfe379662fd54791e69497955666923ae58'
truffle(development)> WrestlingInstance.registerAsAnOpponent({from: account1})
{ tx: '0xca159c90b53b6216c48458c215ed06412dba78f079b2fa88bb37277c9ee2edc6',
  receipt: 
   { transactionHash: '0xca159c90b53b6216c48458c215ed06412dba78f079b2fa88bb37277c9ee2edc6',
     transactionIndex: 0,
     blockHash: '0x25391cecf4c3ae8aa29936e833c21988562757c71f29b6844ae2455a1b8daf40',
     blockNumber: 5,
     gasUsed: 43900,
     cumulativeGasUsed: 43900,
     contractAddress: null,
     logs: [ [Object] ],
     status: '0x1',
     logsBloom: '0x00000000000000000000000000000000000000000000000000000000000000000000000000000000000000000000000000000000000000000000000000000000000000000000000000000000000000000000000000000000000000000000020000000400000000000000000000000000000000000000000000000000000000000000000000000000000000000000040000000000000000000000000000000000000000000000000000000000000000000000000000040000000000000000000000000000000000000000000000000000000000000000000000000000000000000000000000000000000000000000000200000000100000000000000000000000' },
  logs: 
   [ { logIndex: 0,
       transactionIndex: 0,
       transactionHash: '0xca159c90b53b6216c48458c215ed06412dba78f079b2fa88bb37277c9ee2edc6',
       blockHash: '0x25391cecf4c3ae8aa29936e833c21988562757c71f29b6844ae2455a1b8daf40',
       blockNumber: 5,
       address: '0xf58f416df0451470b23913b11014e69f95aa03da',
       type: 'mined',
       event: 'WrestlingStartsEvent',
       args: [Object] } ] }
truffle(development)> WrestlingInstance.wrestler2.call()
'0x2a110b34686da8734f308958873fa0271a12aca6'
truffle(development)> WrestlingInstance.wrestle({from: account0, value: web3.toWei(2, "ether")})
{ tx: '0xe2792d81a4b1424992dcfb7edfeb34cdba7e518d72ce58aef2655b6d156bf0da',
  receipt: 
   { transactionHash: '0xe2792d81a4b1424992dcfb7edfeb34cdba7e518d72ce58aef2655b6d156bf0da',
     transactionIndex: 0,
     blockHash: '0x6ab9dd814aa64f4c5fa464969c14931aa2a59fd17a17be490f965ba8d91d31a6',
     blockNumber: 6,
     gasUsed: 63752,
     cumulativeGasUsed: 63752,
     contractAddress: null,
     logs: [],
     status: '0x1',
     logsBloom: '0x00000000000000000000000000000000000000000000000000000000000000000000000000000000000000000000000000000000000000000000000000000000000000000000000000000000000000000000000000000000000000000000000000000000000000000000000000000000000000000000000000000000000000000000000000000000000000000000000000000000000000000000000000000000000000000000000000000000000000000000000000000000000000000000000000000000000000000000000000000000000000000000000000000000000000000000000000000000000000000000000000000000000000000000000000000000' },
  logs: [] }
truffle(development)> WrestlingInstance.wrestle({from: account1, value: web3.toWei(3, "ether")})
{ tx: '0x98ef6837436729e5328b6519d6f4267fff06b6b90ccad5643487dc5ee5d65b3d',
  receipt: 
   { transactionHash: '0x98ef6837436729e5328b6519d6f4267fff06b6b90ccad5643487dc5ee5d65b3d',
     transactionIndex: 0,
     blockHash: '0x778b2758a183069256713cd3f5b07c515ef124f9970e0ca6cd2549c8fe732528',
     blockNumber: 7,
     gasUsed: 47280,
     cumulativeGasUsed: 47280,
     contractAddress: null,
     logs: [ [Object] ],
     status: '0x1',
     logsBloom: '0x00000000000000000000000000000000000000000000000000000000000000000000000000000000000000000000000000000000000000000000000000000000000000000000000001000000000000000000000000000000000000000000020000000400000000000000000000000000000000000000000000000000000000000000000000000000000000000000000000000000000000000000000000800000000000000000000000000000000000000000000000000000000000000000000000000000000000000800000000000000000000000000000000000000000000000000000000000000000000000000000000000000100000000000000000000000' },
  logs: 
   [ { logIndex: 0,
       transactionIndex: 0,
       transactionHash: '0x98ef6837436729e5328b6519d6f4267fff06b6b90ccad5643487dc5ee5d65b3d',
       blockHash: '0x778b2758a183069256713cd3f5b07c515ef124f9970e0ca6cd2549c8fe732528',
       blockNumber: 7,
       address: '0xf58f416df0451470b23913b11014e69f95aa03da',
       type: 'mined',
       event: 'EndOfRoundEvent',
       args: [Object] } ] }
truffle(development)> WrestlingInstance.wrestle({from: account0, value: web3.toWei(5, "ether")})
{ tx: '0x3a00db22da0ca10adb1b3de87a214ebe51107518b6c8d1f499ce1e28cc0b602e',
  receipt: 
   { transactionHash: '0x3a00db22da0ca10adb1b3de87a214ebe51107518b6c8d1f499ce1e28cc0b602e',
     transactionIndex: 0,
     blockHash: '0xc2a877f1f5e5a8ee24446d7169678882b6ee424490c2707b61662c96ec7b26a8',
     blockNumber: 8,
     gasUsed: 48752,
     cumulativeGasUsed: 48752,
     contractAddress: null,
     logs: [],
     status: '0x1',
     logsBloom: '0x00000000000000000000000000000000000000000000000000000000000000000000000000000000000000000000000000000000000000000000000000000000000000000000000000000000000000000000000000000000000000000000000000000000000000000000000000000000000000000000000000000000000000000000000000000000000000000000000000000000000000000000000000000000000000000000000000000000000000000000000000000000000000000000000000000000000000000000000000000000000000000000000000000000000000000000000000000000000000000000000000000000000000000000000000000000' },
  logs: [] }
truffle(development)> WrestlingInstance.wrestle({from: account1, value: web3.toWei(20, "ether")})
{ tx: '0x0968c5cba858bd9551d246dd37e01fc85157aceda2bf7f821b1a233e44af2d6b',
  receipt: 
   { transactionHash: '0x0968c5cba858bd9551d246dd37e01fc85157aceda2bf7f821b1a233e44af2d6b',
     transactionIndex: 0,
     blockHash: '0x06ef7c7c9b44cc4c008ff6b453ab4fdb3117227d5f8b4e036dc6283d2f5b5a15',
     blockNumber: 9,
     gasUsed: 67713,
     cumulativeGasUsed: 67713,
     contractAddress: null,
     logs: [ [Object] ],
     status: '0x1',
     logsBloom: '0x00000000000000000000100000000000000000000000000000000000000000000000000000000000000000000000000000000000000000000000000000002000000000000000000000000000000000000000000000000000000000000000020000000400000000000000000000000000000000000000000000000000000000000000000000000000000000000000000000000000000000000000000000000000000000000000000000000000000000000000000000000000000000000000000000000000000000000000000000000000000000000000000000000000010000000000000000000000000000000000000000000000100000000000000000000000' },
  logs: 
   [ { logIndex: 0,
       transactionIndex: 0,
       transactionHash: '0x0968c5cba858bd9551d246dd37e01fc85157aceda2bf7f821b1a233e44af2d6b',
       blockHash: '0x06ef7c7c9b44cc4c008ff6b453ab4fdb3117227d5f8b4e036dc6283d2f5b5a15',
       blockNumber: 9,
       address: '0xf58f416df0451470b23913b11014e69f95aa03da',
       type: 'mined',
       event: 'EndOfWrestlingEvent',
       args: [Object] } ] }
truffle(development)> 
